// Jest Snapshot v1, https://goo.gl/fbAQLP

exports[`renders portal with siblings 1`] = `
Array [
  <View
    collapsable={false}
    style={
      Object {
        "flex": 1,
      }
    }
  >
    <Text
      accessible={true}
      allowFontScaling={true}
      ellipsizeMode="tail"
    >
      Outside content
    </Text>
  </View>,
  <View
    collapsable={false}
    pointerEvents="box-none"
    style={
      Object {
        "bottom": 0,
        "left": 0,
        "position": "absolute",
        "right": 0,
        "top": 0,
      }
    }
  >
    <Text
      accessible={true}
      allowFontScaling={true}
      ellipsizeMode="tail"
    >
      Portal content
    </Text>
  </View>,
]
`;
